21:18:49 **** Incremental Build of configuration Debug for project do_an_tot_nghiep ****
make -j8 all 
arm-none-eabi-gcc "../Core/Src/main.c" -mcpu=cortex-m4 -std=gnu11 -g3 -DDEBUG -DUSE_HAL_DRIVER -DSTM32F411xE -c -I../Core/Inc -I../Drivers/STM32F4xx_HAL_Driver/Inc -I../Drivers/STM32F4xx_HAL_Driver/Inc/Legacy -I../Drivers/CMSIS/Device/ST/STM32F4xx/Include -I../Drivers/CMSIS/Include -O0 -ffunction-sections -fdata-sections -Wall -fstack-usage -fcyclomatic-complexity -MMD -MP -MF"Core/Src/main.d" -MT"Core/Src/main.o" --specs=nano.specs -mfpu=fpv4-sp-d16 -mfloat-abi=hard -mthumb -o "Core/Src/main.o"
arm-none-eabi-gcc -o "do_an_tot_nghiep.elf" @"objects.list"   -mcpu=cortex-m4 -T"G:\stm32cubeide\fileSave_cubeIDE\do_an_tot_nghiep\do_an_tot_nghiep\STM32F411VETX_FLASH.ld" --specs=nosys.specs -Wl,-Map="do_an_tot_nghiep.map" -Wl,--gc-sections -static --specs=nano.specs -mfpu=fpv4-sp-d16 -mfloat-abi=hard -mthumb -u _printf_float -u _scanf_float -Wl,--start-group -lc -lm -Wl,--end-group
Finished building target: do_an_tot_nghiep.elf
 
arm-none-eabi-size  do_an_tot_nghiep.elf 
arm-none-eabi-objdump -h -S do_an_tot_nghiep.elf  > "do_an_tot_nghiep.list"
arm-none-eabi-objcopy  -O ihex do_an_tot_nghiep.elf  "do_an_tot_nghiep.hex"
   text	   data	    bss	    dec	    hex	filename
  53848	    496	   2680	  57024	   dec0	do_an_tot_nghiep.elf
Finished building: default.size.stdout
 
Finished building: do_an_tot_nghiep.hex
 
Finished building: do_an_tot_nghiep.list
 
21:18:55 **** Incremental Build of configuration Debug for project do_an_tot_nghiep ****
make -j8 all 
arm-none-eabi-size  do_an_tot_nghiep.elf 
   text	   data	    bss	    dec	    hex	filename
  53848	    496	   2680	  57024	   dec0	do_an_tot_nghiep.elf
Finished building: default.size.stdout
 
